// Jest Snapshot v1, https://goo.gl/fbAQLP

exports[`App Renders main element 1`] = `
<div>
  App
</div>
`;
